[INFO] Scanning for projects...
[INFO] 
[INFO] ---------------------------< www.kb:client >----------------------------
[INFO] Building client 1.0-SNAPSHOT
[INFO]   from pom.xml
[INFO] --------------------------------[ jar ]---------------------------------
[WARNING] 6 problems were encountered while building the effective model for org.openjfx:javafx-controls:jar:21.0.2 during dependency collection step for project (use -X to see details)
[INFO] 
[INFO] --- resources:3.3.1:resources (default-resources) @ client ---
[INFO] Copying 19 resources from src\main\resources to target\classes
[INFO] 
[INFO] --- compiler:3.13.0:compile (default-compile) @ client ---
[INFO] Recompiling the module because of changed source code.
[INFO] Compiling 50 source files with javac [debug target 21] to target\classes
[INFO] /C:/Users/azelf/Documents/Project_Software/siatabug/client/src/main/java/com/siata/client/component/PaginatedTableView.java: Some input files use or override a deprecated API.
[INFO] /C:/Users/azelf/Documents/Project_Software/siatabug/client/src/main/java/com/siata/client/component/PaginatedTableView.java: Recompile with -Xlint:deprecation for details.
[INFO] /C:/Users/azelf/Documents/Project_Software/siatabug/client/src/main/java/com/siata/client/view/DashboardContentView.java: Some input files use unchecked or unsafe operations.
[INFO] /C:/Users/azelf/Documents/Project_Software/siatabug/client/src/main/java/com/siata/client/view/DashboardContentView.java: Recompile with -Xlint:unchecked for details.
[INFO] -------------------------------------------------------------
[ERROR] COMPILATION ERROR : 
[INFO] -------------------------------------------------------------
[ERROR] /C:/Users/azelf/Documents/Project_Software/siatabug/client/src/main/java/com/siata/client/view/AssetRemovalView.java:[175,21] cannot find symbol
  symbol:   method showSuccessAlert(java.lang.String)
  location: class com.siata.client.view.AssetRemovalView
[ERROR] /C:/Users/azelf/Documents/Project_Software/siatabug/client/src/main/java/com/siata/client/view/AssetRemovalView.java:[178,21] cannot find symbol
  symbol:   method showAlert(java.lang.String)
  location: class com.siata.client.view.AssetRemovalView
[ERROR] /C:/Users/azelf/Documents/Project_Software/siatabug/client/src/main/java/com/siata/client/view/AssetRemovalView.java:[184,17] cannot find symbol
  symbol:   method showAlert(java.lang.String)
  location: class com.siata.client.view.AssetRemovalView
[INFO] 3 errors 
[INFO] -------------------------------------------------------------
[INFO] ------------------------------------------------------------------------
[INFO] BUILD FAILURE
[INFO] ------------------------------------------------------------------------
[INFO] Total time:  7.776 s
[INFO] Finished at: 2025-12-15T21:32:12+07:00
[INFO] ------------------------------------------------------------------------
[ERROR] Failed to execute goal org.apache.maven.plugins:maven-compiler-plugin:3.13.0:compile (default-compile) on project client: Compilation failure: Compilation failure: 
[ERROR] /C:/Users/azelf/Documents/Project_Software/siatabug/client/src/main/java/com/siata/client/view/AssetRemovalView.java:[175,21] cannot find symbol
[ERROR]   symbol:   method showSuccessAlert(java.lang.String)
[ERROR]   location: class com.siata.client.view.AssetRemovalView
[ERROR] /C:/Users/azelf/Documents/Project_Software/siatabug/client/src/main/java/com/siata/client/view/AssetRemovalView.java:[178,21] cannot find symbol
[ERROR]   symbol:   method showAlert(java.lang.String)
[ERROR]   location: class com.siata.client.view.AssetRemovalView
[ERROR] /C:/Users/azelf/Documents/Project_Software/siatabug/client/src/main/java/com/siata/client/view/AssetRemovalView.java:[184,17] cannot find symbol
[ERROR]   symbol:   method showAlert(java.lang.String)
[ERROR]   location: class com.siata.client.view.AssetRemovalView
[ERROR] -> [Help 1]
[ERROR] 
[ERROR] To see the full stack trace of the errors, re-run Maven with the -e switch.
[ERROR] Re-run Maven using the -X switch to enable full debug logging.
[ERROR] 
[ERROR] For more information about the errors and possible solutions, please read the following articles:
[ERROR] [Help 1] http://cwiki.apache.org/confluence/display/MAVEN/MojoFailureException
