[INFO] Scanning for projects...
[INFO] 
[INFO] ---------------------------< www.kb:client >----------------------------
[INFO] Building client 1.0-SNAPSHOT
[INFO]   from pom.xml
[INFO] --------------------------------[ jar ]---------------------------------
[WARNING] 6 problems were encountered while building the effective model for org.openjfx:javafx-controls:jar:21.0.2 during dependency collection step for project (use -X to see details)
[INFO] 
[INFO] --- resources:3.3.1:resources (default-resources) @ client ---
[INFO] Copying 19 resources from src\main\resources to target\classes
[INFO] 
[INFO] --- compiler:3.13.0:compile (default-compile) @ client ---
[INFO] Recompiling the module because of changed source code.
[INFO] Compiling 53 source files with javac [debug target 21] to target\classes
[INFO] /C:/Users/azelf/Documents/Project_Software/siatabug/client/src/main/java/com/siata/client/component/PaginatedTableView.java: Some input files use or override a deprecated API.
[INFO] /C:/Users/azelf/Documents/Project_Software/siatabug/client/src/main/java/com/siata/client/component/PaginatedTableView.java: Recompile with -Xlint:deprecation for details.
[INFO] /C:/Users/azelf/Documents/Project_Software/siatabug/client/src/main/java/com/siata/client/view/AssetManagementView.java: Some input files use unchecked or unsafe operations.
[INFO] /C:/Users/azelf/Documents/Project_Software/siatabug/client/src/main/java/com/siata/client/view/AssetManagementView.java: Recompile with -Xlint:unchecked for details.
[INFO] ------------------------------------------------------------------------
[INFO] BUILD SUCCESS
[INFO] ------------------------------------------------------------------------
[INFO] Total time:  4.888 s
[INFO] Finished at: 2025-12-16T09:59:27+07:00
[INFO] ------------------------------------------------------------------------
