[INFO] Scanning for projects...
[INFO] 
[INFO] ----------------------------< siata:siata >-----------------------------
[INFO] Building siata 0.0.1-SNAPSHOT
[INFO]   from pom.xml
[INFO] --------------------------------[ jar ]---------------------------------
[INFO] 
[INFO] --- resources:3.3.1:resources (default-resources) @ siata ---
[INFO] Copying 1 resource from src\main\resources to target\classes
[INFO] Copying 2 resources from src\main\resources to target\classes
[INFO] 
[INFO] --- compiler:3.14.1:compile (default-compile) @ siata ---
[INFO] Recompiling the module because of changed source code.
[INFO] Compiling 45 source files with javac [debug parameters release 21] to target\classes
[INFO] -------------------------------------------------------------
[ERROR] COMPILATION ERROR : 
[INFO] -------------------------------------------------------------
[ERROR] /C:/Users/azelf/Documents/Project_Software/siata/server/src/main/java/siata/siata/service/DashboardService.java:[47,42] cannot find symbol
  symbol:   method countByStatusPemakaian(java.lang.String)
  location: variable asetRepository of type siata.siata.repository.AsetRepository
[ERROR] /C:/Users/azelf/Documents/Project_Software/siata/server/src/main/java/siata/siata/service/DashboardService.java:[48,45] cannot find symbol
  symbol:   method countByStatusPemakaian(java.lang.String)
  location: variable asetRepository of type siata.siata.repository.AsetRepository
[ERROR] /C:/Users/azelf/Documents/Project_Software/siata/server/src/main/java/siata/siata/service/DashboardService.java:[49,50] cannot find symbol
  symbol:   method countByStatusPemakaian(java.lang.String)
  location: variable asetRepository of type siata.siata.repository.AsetRepository
[INFO] 3 errors 
[INFO] -------------------------------------------------------------
[INFO] ------------------------------------------------------------------------
[INFO] BUILD FAILURE
[INFO] ------------------------------------------------------------------------
[INFO] Total time:  4.347 s
[INFO] Finished at: 2025-12-07T21:27:15+07:00
[INFO] ------------------------------------------------------------------------
[ERROR] Failed to execute goal org.apache.maven.plugins:maven-compiler-plugin:3.14.1:compile (default-compile) on project siata: Compilation failure: Compilation failure: 
[ERROR] /C:/Users/azelf/Documents/Project_Software/siata/server/src/main/java/siata/siata/service/DashboardService.java:[47,42] cannot find symbol
[ERROR]   symbol:   method countByStatusPemakaian(java.lang.String)
[ERROR]   location: variable asetRepository of type siata.siata.repository.AsetRepository
[ERROR] /C:/Users/azelf/Documents/Project_Software/siata/server/src/main/java/siata/siata/service/DashboardService.java:[48,45] cannot find symbol
[ERROR]   symbol:   method countByStatusPemakaian(java.lang.String)
[ERROR]   location: variable asetRepository of type siata.siata.repository.AsetRepository
[ERROR] /C:/Users/azelf/Documents/Project_Software/siata/server/src/main/java/siata/siata/service/DashboardService.java:[49,50] cannot find symbol
[ERROR]   symbol:   method countByStatusPemakaian(java.lang.String)
[ERROR]   location: variable asetRepository of type siata.siata.repository.AsetRepository
[ERROR] -> [Help 1]
[ERROR] 
[ERROR] To see the full stack trace of the errors, re-run Maven with the -e switch.
[ERROR] Re-run Maven using the -X switch to enable full debug logging.
[ERROR] 
[ERROR] For more information about the errors and possible solutions, please read the following articles:
[ERROR] [Help 1] http://cwiki.apache.org/confluence/display/MAVEN/MojoFailureException
